Archive member included to satisfy reference by file (symbol)

/usr/lib/gcc/avr/5.4.0/avr51/libgcc.a(_udivmodsi4.o)
                              ./atm128_bootloader/bootloader.o (__udivmodsi4)
/usr/lib/gcc/avr/5.4.0/avr51/libgcc.a(_exit.o)
                              /usr/lib/gcc/avr/5.4.0/../../../avr/lib/avr51/crtatmega128.o (exit)
/usr/lib/gcc/avr/5.4.0/avr51/libgcc.a(_tablejump2.o)
                              ./atm128_bootloader/bootloader.o (__tablejump2__)
/usr/lib/gcc/avr/5.4.0/avr51/libgcc.a(_copy_data.o)
                              ./atm128_bootloader/bootloader.o (__do_copy_data)
/usr/lib/gcc/avr/5.4.0/avr51/libgcc.a(_clear_bss.o)
                              ./atm128_bootloader/bootloader.o (__do_clear_bss)
/usr/lib/gcc/avr/5.4.0/../../../avr/lib/avr51/libc.a(atol.o)
                              ./atm128_bootloader/bootloader.o (atol)
/usr/lib/gcc/avr/5.4.0/../../../avr/lib/avr51/libc.a(strchr.o)
                              ./atm128_bootloader/bootloader.o (strchr)
/usr/lib/gcc/avr/5.4.0/../../../avr/lib/avr51/libc.a(strcmp.o)
                              ./atm128_bootloader/bootloader.o (strcmp)
/usr/lib/gcc/avr/5.4.0/../../../avr/lib/avr51/libc.a(mulsi10.o)
                              /usr/lib/gcc/avr/5.4.0/../../../avr/lib/avr51/libc.a(atol.o) (__mulsi_const_10)
/usr/lib/gcc/avr/5.4.0/../../../avr/lib/avr51/libc.a(iob.o)
                              ./atm128_bootloader/bootloader.o (__iob)
/usr/lib/gcc/avr/5.4.0/../../../avr/lib/avr51/libc.a(printf.o)
                              ./atm128_bootloader/bootloader.o (printf)
/usr/lib/gcc/avr/5.4.0/../../../avr/lib/avr51/libc.a(puts.o)
                              ./atm128_bootloader/bootloader.o (puts)
/usr/lib/gcc/avr/5.4.0/../../../avr/lib/avr51/libc.a(vfprintf_std.o)
                              /usr/lib/gcc/avr/5.4.0/../../../avr/lib/avr51/libc.a(printf.o) (vfprintf)
/usr/lib/gcc/avr/5.4.0/../../../avr/lib/avr51/libc.a(strnlen_P.o)
                              /usr/lib/gcc/avr/5.4.0/../../../avr/lib/avr51/libc.a(vfprintf_std.o) (strnlen_P)
/usr/lib/gcc/avr/5.4.0/../../../avr/lib/avr51/libc.a(strnlen.o)
                              /usr/lib/gcc/avr/5.4.0/../../../avr/lib/avr51/libc.a(vfprintf_std.o) (strnlen)
/usr/lib/gcc/avr/5.4.0/../../../avr/lib/avr51/libc.a(fputc.o)
                              /usr/lib/gcc/avr/5.4.0/../../../avr/lib/avr51/libc.a(vfprintf_std.o) (fputc)
/usr/lib/gcc/avr/5.4.0/../../../avr/lib/avr51/libc.a(ultoa_invert.o)
                              /usr/lib/gcc/avr/5.4.0/../../../avr/lib/avr51/libc.a(vfprintf_std.o) (__ultoa_invert)
/usr/lib/gcc/avr/5.4.0/../../../avr/lib/avr51/libatmega128.a(eerd_byte.o)
                              ./atm128_bootloader/bootloader.o (eeprom_read_byte)

Allocating common symbols
Common symbol       size              file

__iob               0x6               /usr/lib/gcc/avr/5.4.0/../../../avr/lib/avr51/libc.a(iob.o)

Discarded input sections

 .data          0x0000000000000000        0x0 /usr/lib/gcc/avr/5.4.0/../../../avr/lib/avr51/crtatmega128.o
 .bss           0x0000000000000000        0x0 /usr/lib/gcc/avr/5.4.0/../../../avr/lib/avr51/crtatmega128.o
 .group         0x0000000000000000        0x8 ./atm128_bootloader/bootloader.o
 .text          0x0000000000000000        0x0 ./atm128_bootloader/bootloader.o
 .data          0x0000000000000000        0x0 ./atm128_bootloader/bootloader.o
 .bss           0x0000000000000000        0x0 ./atm128_bootloader/bootloader.o
 .text._ZN6Usart19availableEv
                0x0000000000000000       0x10 ./atm128_bootloader/bootloader.o
 .text._ZN6Usart113str_availableEv
                0x0000000000000000        0xa ./atm128_bootloader/bootloader.o
 .text._ZN6Usart14getsEv
                0x0000000000000000       0x16 ./atm128_bootloader/bootloader.o
 .text._Z10led_red_onv
                0x0000000000000000       0x40 ./atm128_bootloader/bootloader.o
 .text._Z7blink_fj
                0x0000000000000000       0x56 ./atm128_bootloader/bootloader.o
 .text._Z10just_blinkv
                0x0000000000000000        0x8 ./atm128_bootloader/bootloader.o
 .text          0x0000000000000000        0x0 ./main.o
 .data          0x0000000000000000        0x0 ./main.o
 .bss           0x0000000000000000        0x0 ./main.o
 .text          0x0000000000000000        0x0 /usr/lib/gcc/avr/5.4.0/avr51/libgcc.a(_udivmodsi4.o)
 .data          0x0000000000000000        0x0 /usr/lib/gcc/avr/5.4.0/avr51/libgcc.a(_udivmodsi4.o)
 .bss           0x0000000000000000        0x0 /usr/lib/gcc/avr/5.4.0/avr51/libgcc.a(_udivmodsi4.o)
 .text.libgcc.mul
                0x0000000000000000        0x0 /usr/lib/gcc/avr/5.4.0/avr51/libgcc.a(_udivmodsi4.o)
 .text.libgcc   0x0000000000000000        0x0 /usr/lib/gcc/avr/5.4.0/avr51/libgcc.a(_udivmodsi4.o)
 .text.libgcc.prologue
                0x0000000000000000        0x0 /usr/lib/gcc/avr/5.4.0/avr51/libgcc.a(_udivmodsi4.o)
 .text.libgcc.builtins
                0x0000000000000000        0x0 /usr/lib/gcc/avr/5.4.0/avr51/libgcc.a(_udivmodsi4.o)
 .text.libgcc.fmul
                0x0000000000000000        0x0 /usr/lib/gcc/avr/5.4.0/avr51/libgcc.a(_udivmodsi4.o)
 .text.libgcc.fixed
                0x0000000000000000        0x0 /usr/lib/gcc/avr/5.4.0/avr51/libgcc.a(_udivmodsi4.o)
 .text          0x0000000000000000        0x0 /usr/lib/gcc/avr/5.4.0/avr51/libgcc.a(_exit.o)
 .data          0x0000000000000000        0x0 /usr/lib/gcc/avr/5.4.0/avr51/libgcc.a(_exit.o)
 .bss           0x0000000000000000        0x0 /usr/lib/gcc/avr/5.4.0/avr51/libgcc.a(_exit.o)
 .text.libgcc.mul
                0x0000000000000000        0x0 /usr/lib/gcc/avr/5.4.0/avr51/libgcc.a(_exit.o)
 .text.libgcc.div
                0x0000000000000000        0x0 /usr/lib/gcc/avr/5.4.0/avr51/libgcc.a(_exit.o)
 .text.libgcc   0x0000000000000000        0x0 /usr/lib/gcc/avr/5.4.0/avr51/libgcc.a(_exit.o)
 .text.libgcc.prologue
                0x0000000000000000        0x0 /usr/lib/gcc/avr/5.4.0/avr51/libgcc.a(_exit.o)
 .text.libgcc.builtins
                0x0000000000000000        0x0 /usr/lib/gcc/avr/5.4.0/avr51/libgcc.a(_exit.o)
 .text.libgcc.fmul
                0x0000000000000000        0x0 /usr/lib/gcc/avr/5.4.0/avr51/libgcc.a(_exit.o)
 .text.libgcc.fixed
                0x0000000000000000        0x0 /usr/lib/gcc/avr/5.4.0/avr51/libgcc.a(_exit.o)
 .text          0x0000000000000000        0x0 /usr/lib/gcc/avr/5.4.0/avr51/libgcc.a(_tablejump2.o)
 .data          0x0000000000000000        0x0 /usr/lib/gcc/avr/5.4.0/avr51/libgcc.a(_tablejump2.o)
 .bss           0x0000000000000000        0x0 /usr/lib/gcc/avr/5.4.0/avr51/libgcc.a(_tablejump2.o)
 .text.libgcc.mul
                0x0000000000000000        0x0 /usr/lib/gcc/avr/5.4.0/avr51/libgcc.a(_tablejump2.o)
 .text.libgcc.div
                0x0000000000000000        0x0 /usr/lib/gcc/avr/5.4.0/avr51/libgcc.a(_tablejump2.o)
 .text.libgcc.prologue
                0x0000000000000000        0x0 /usr/lib/gcc/avr/5.4.0/avr51/libgcc.a(_tablejump2.o)
 .text.libgcc.builtins
                0x0000000000000000        0x0 /usr/lib/gcc/avr/5.4.0/avr51/libgcc.a(_tablejump2.o)
 .text.libgcc.fmul
                0x0000000000000000        0x0 /usr/lib/gcc/avr/5.4.0/avr51/libgcc.a(_tablejump2.o)
 .text.libgcc.fixed
                0x0000000000000000        0x0 /usr/lib/gcc/avr/5.4.0/avr51/libgcc.a(_tablejump2.o)
 .text          0x0000000000000000        0x0 /usr/lib/gcc/avr/5.4.0/avr51/libgcc.a(_copy_data.o)
 .data          0x0000000000000000        0x0 /usr/lib/gcc/avr/5.4.0/avr51/libgcc.a(_copy_data.o)
 .bss           0x0000000000000000        0x0 /usr/lib/gcc/avr/5.4.0/avr51/libgcc.a(_copy_data.o)
 .text.libgcc.mul
                0x0000000000000000        0x0 /usr/lib/gcc/avr/5.4.0/avr51/libgcc.a(_copy_data.o)
 .text.libgcc.div
                0x0000000000000000        0x0 /usr/lib/gcc/avr/5.4.0/avr51/libgcc.a(_copy_data.o)
 .text.libgcc   0x0000000000000000        0x0 /usr/lib/gcc/avr/5.4.0/avr51/libgcc.a(_copy_data.o)
 .text.libgcc.prologue
                0x0000000000000000        0x0 /usr/lib/gcc/avr/5.4.0/avr51/libgcc.a(_copy_data.o)
 .text.libgcc.builtins
                0x0000000000000000        0x0 /usr/lib/gcc/avr/5.4.0/avr51/libgcc.a(_copy_data.o)
 .text.libgcc.fmul
                0x0000000000000000        0x0 /usr/lib/gcc/avr/5.4.0/avr51/libgcc.a(_copy_data.o)
 .text.libgcc.fixed
                0x0000000000000000        0x0 /usr/lib/gcc/avr/5.4.0/avr51/libgcc.a(_copy_data.o)
 .text          0x0000000000000000        0x0 /usr/lib/gcc/avr/5.4.0/avr51/libgcc.a(_clear_bss.o)
 .data          0x0000000000000000        0x0 /usr/lib/gcc/avr/5.4.0/avr51/libgcc.a(_clear_bss.o)
 .bss           0x0000000000000000        0x0 /usr/lib/gcc/avr/5.4.0/avr51/libgcc.a(_clear_bss.o)
 .text.libgcc.mul
                0x0000000000000000        0x0 /usr/lib/gcc/avr/5.4.0/avr51/libgcc.a(_clear_bss.o)
 .text.libgcc.div
                0x0000000000000000        0x0 /usr/lib/gcc/avr/5.4.0/avr51/libgcc.a(_clear_bss.o)
 .text.libgcc   0x0000000000000000        0x0 /usr/lib/gcc/avr/5.4.0/avr51/libgcc.a(_clear_bss.o)
 .text.libgcc.prologue
                0x0000000000000000        0x0 /usr/lib/gcc/avr/5.4.0/avr51/libgcc.a(_clear_bss.o)
 .text.libgcc.builtins
                0x0000000000000000        0x0 /usr/lib/gcc/avr/5.4.0/avr51/libgcc.a(_clear_bss.o)
 .text.libgcc.fmul
                0x0000000000000000        0x0 /usr/lib/gcc/avr/5.4.0/avr51/libgcc.a(_clear_bss.o)
 .text.libgcc.fixed
                0x0000000000000000        0x0 /usr/lib/gcc/avr/5.4.0/avr51/libgcc.a(_clear_bss.o)
 .text          0x0000000000000000        0x0 /usr/lib/gcc/avr/5.4.0/../../../avr/lib/avr51/libc.a(atol.o)
 .data          0x0000000000000000        0x0 /usr/lib/gcc/avr/5.4.0/../../../avr/lib/avr51/libc.a(atol.o)
 .bss           0x0000000000000000        0x0 /usr/lib/gcc/avr/5.4.0/../../../avr/lib/avr51/libc.a(atol.o)
 .text          0x0000000000000000        0x0 /usr/lib/gcc/avr/5.4.0/../../../avr/lib/avr51/libc.a(strchr.o)
 .data          0x0000000000000000        0x0 /usr/lib/gcc/avr/5.4.0/../../../avr/lib/avr51/libc.a(strchr.o)
 .bss           0x0000000000000000        0x0 /usr/lib/gcc/avr/5.4.0/../../../avr/lib/avr51/libc.a(strchr.o)
 .text          0x0000000000000000        0x0 /usr/lib/gcc/avr/5.4.0/../../../avr/lib/avr51/libc.a(strcmp.o)
 .data          0x0000000000000000        0x0 /usr/lib/gcc/avr/5.4.0/../../../avr/lib/avr51/libc.a(strcmp.o)
 .bss           0x0000000000000000        0x0 /usr/lib/gcc/avr/5.4.0/../../../avr/lib/avr51/libc.a(strcmp.o)
 .text          0x0000000000000000        0x0 /usr/lib/gcc/avr/5.4.0/../../../avr/lib/avr51/libc.a(mulsi10.o)
 .data          0x0000000000000000        0x0 /usr/lib/gcc/avr/5.4.0/../../../avr/lib/avr51/libc.a(mulsi10.o)
 .bss           0x0000000000000000        0x0 /usr/lib/gcc/avr/5.4.0/../../../avr/lib/avr51/libc.a(mulsi10.o)
 .text          0x0000000000000000        0x0 /usr/lib/gcc/avr/5.4.0/../../../avr/lib/avr51/libc.a(iob.o)
 .data          0x0000000000000000        0x0 /usr/lib/gcc/avr/5.4.0/../../../avr/lib/avr51/libc.a(iob.o)
 .bss           0x0000000000000000        0x0 /usr/lib/gcc/avr/5.4.0/../../../avr/lib/avr51/libc.a(iob.o)
 .text          0x0000000000000000        0x0 /usr/lib/gcc/avr/5.4.0/../../../avr/lib/avr51/libc.a(printf.o)
 .data          0x0000000000000000        0x0 /usr/lib/gcc/avr/5.4.0/../../../avr/lib/avr51/libc.a(printf.o)
 .bss           0x0000000000000000        0x0 /usr/lib/gcc/avr/5.4.0/../../../avr/lib/avr51/libc.a(printf.o)
 .text          0x0000000000000000        0x0 /usr/lib/gcc/avr/5.4.0/../../../avr/lib/avr51/libc.a(puts.o)
 .data          0x0000000000000000        0x0 /usr/lib/gcc/avr/5.4.0/../../../avr/lib/avr51/libc.a(puts.o)
 .bss           0x0000000000000000        0x0 /usr/lib/gcc/avr/5.4.0/../../../avr/lib/avr51/libc.a(puts.o)
 .text          0x0000000000000000        0x0 /usr/lib/gcc/avr/5.4.0/../../../avr/lib/avr51/libc.a(vfprintf_std.o)
 .data          0x0000000000000000        0x0 /usr/lib/gcc/avr/5.4.0/../../../avr/lib/avr51/libc.a(vfprintf_std.o)
 .bss           0x0000000000000000        0x0 /usr/lib/gcc/avr/5.4.0/../../../avr/lib/avr51/libc.a(vfprintf_std.o)
 .text          0x0000000000000000        0x0 /usr/lib/gcc/avr/5.4.0/../../../avr/lib/avr51/libc.a(strnlen_P.o)
 .data          0x0000000000000000        0x0 /usr/lib/gcc/avr/5.4.0/../../../avr/lib/avr51/libc.a(strnlen_P.o)
 .bss           0x0000000000000000        0x0 /usr/lib/gcc/avr/5.4.0/../../../avr/lib/avr51/libc.a(strnlen_P.o)
 .text          0x0000000000000000        0x0 /usr/lib/gcc/avr/5.4.0/../../../avr/lib/avr51/libc.a(strnlen.o)
 .data          0x0000000000000000        0x0 /usr/lib/gcc/avr/5.4.0/../../../avr/lib/avr51/libc.a(strnlen.o)
 .bss           0x0000000000000000        0x0 /usr/lib/gcc/avr/5.4.0/../../../avr/lib/avr51/libc.a(strnlen.o)
 .text          0x0000000000000000        0x0 /usr/lib/gcc/avr/5.4.0/../../../avr/lib/avr51/libc.a(fputc.o)
 .data          0x0000000000000000        0x0 /usr/lib/gcc/avr/5.4.0/../../../avr/lib/avr51/libc.a(fputc.o)
 .bss           0x0000000000000000        0x0 /usr/lib/gcc/avr/5.4.0/../../../avr/lib/avr51/libc.a(fputc.o)
 .text          0x0000000000000000        0x0 /usr/lib/gcc/avr/5.4.0/../../../avr/lib/avr51/libc.a(ultoa_invert.o)
 .data          0x0000000000000000        0x0 /usr/lib/gcc/avr/5.4.0/../../../avr/lib/avr51/libc.a(ultoa_invert.o)
 .bss           0x0000000000000000        0x0 /usr/lib/gcc/avr/5.4.0/../../../avr/lib/avr51/libc.a(ultoa_invert.o)
 .text          0x0000000000000000        0x0 /usr/lib/gcc/avr/5.4.0/../../../avr/lib/avr51/libatmega128.a(eerd_byte.o)
 .data          0x0000000000000000        0x0 /usr/lib/gcc/avr/5.4.0/../../../avr/lib/avr51/libatmega128.a(eerd_byte.o)
 .bss           0x0000000000000000        0x0 /usr/lib/gcc/avr/5.4.0/../../../avr/lib/avr51/libatmega128.a(eerd_byte.o)

Memory Configuration

Name             Origin             Length             Attributes
text             0x0000000000000000 0x0000000000020000 xr
data             0x0000000000800100 0x000000000000ff00 rw !x
eeprom           0x0000000000810000 0x0000000000010000 rw !x
fuse             0x0000000000820000 0x0000000000000003 rw !x
lock             0x0000000000830000 0x0000000000000400 rw !x
signature        0x0000000000840000 0x0000000000000400 rw !x
user_signatures  0x0000000000850000 0x0000000000000400 rw !x
*default*        0x0000000000000000 0xffffffffffffffff

Linker script and memory map

Address of section .data set to 0x800100
LOAD /usr/lib/gcc/avr/5.4.0/../../../avr/lib/avr51/crtatmega128.o
Address of section .text set to 0x1e000
LOAD ./atm128_bootloader/bootloader.o
LOAD ./main.o
LOAD /usr/lib/gcc/avr/5.4.0/avr51/libgcc.a
LOAD /usr/lib/gcc/avr/5.4.0/../../../avr/lib/avr51/libm.a
START GROUP
LOAD /usr/lib/gcc/avr/5.4.0/avr51/libgcc.a
LOAD /usr/lib/gcc/avr/5.4.0/../../../avr/lib/avr51/libm.a
LOAD /usr/lib/gcc/avr/5.4.0/../../../avr/lib/avr51/libc.a
LOAD /usr/lib/gcc/avr/5.4.0/../../../avr/lib/avr51/libatmega128.a
END GROUP
                0x0000000000020000                __TEXT_REGION_LENGTH__ = DEFINED (__TEXT_REGION_LENGTH__)?__TEXT_REGION_LENGTH__:0x20000
                0x000000000000ff00                __DATA_REGION_LENGTH__ = DEFINED (__DATA_REGION_LENGTH__)?__DATA_REGION_LENGTH__:0xff00
                0x0000000000010000                __EEPROM_REGION_LENGTH__ = DEFINED (__EEPROM_REGION_LENGTH__)?__EEPROM_REGION_LENGTH__:0x10000
                [0x0000000000000003]                __FUSE_REGION_LENGTH__ = DEFINED (__FUSE_REGION_LENGTH__)?__FUSE_REGION_LENGTH__:0x400
                0x0000000000000400                __LOCK_REGION_LENGTH__ = DEFINED (__LOCK_REGION_LENGTH__)?__LOCK_REGION_LENGTH__:0x400
                0x0000000000000400                __SIGNATURE_REGION_LENGTH__ = DEFINED (__SIGNATURE_REGION_LENGTH__)?__SIGNATURE_REGION_LENGTH__:0x400
                0x0000000000000400                __USER_SIGNATURE_REGION_LENGTH__ = DEFINED (__USER_SIGNATURE_REGION_LENGTH__)?__USER_SIGNATURE_REGION_LENGTH__:0x400

.hash
 *(.hash)

.dynsym
 *(.dynsym)

.dynstr
 *(.dynstr)

.gnu.version
 *(.gnu.version)

.gnu.version_d
 *(.gnu.version_d)

.gnu.version_r
 *(.gnu.version_r)

.rel.init
 *(.rel.init)

.rela.init
 *(.rela.init)

.rel.text
 *(.rel.text)
 *(.rel.text.*)
 *(.rel.gnu.linkonce.t*)

.rela.text
 *(.rela.text)
 *(.rela.text.*)
 *(.rela.gnu.linkonce.t*)

.rel.fini
 *(.rel.fini)

.rela.fini
 *(.rela.fini)

.rel.rodata
 *(.rel.rodata)
 *(.rel.rodata.*)
 *(.rel.gnu.linkonce.r*)

.rela.rodata
 *(.rela.rodata)
 *(.rela.rodata.*)
 *(.rela.gnu.linkonce.r*)

.rel.data
 *(.rel.data)
 *(.rel.data.*)
 *(.rel.gnu.linkonce.d*)

.rela.data
 *(.rela.data)
 *(.rela.data.*)
 *(.rela.gnu.linkonce.d*)

.rel.ctors
 *(.rel.ctors)

.rela.ctors
 *(.rela.ctors)

.rel.dtors
 *(.rel.dtors)

.rela.dtors
 *(.rela.dtors)

.rel.got
 *(.rel.got)

.rela.got
 *(.rela.got)

.rel.bss
 *(.rel.bss)

.rela.bss
 *(.rela.bss)

.rel.plt
 *(.rel.plt)

.rela.plt
 *(.rela.plt)

.text           0x000000000001e000     0x11c0
 *(.vectors)
 .vectors       0x000000000001e000       0x8c /usr/lib/gcc/avr/5.4.0/../../../avr/lib/avr51/crtatmega128.o
                0x000000000001e000                __vectors
                0x000000000001e000                __vector_default
 .vectors       0x000000000001e08c        0x4 ./atm128_bootloader/bootloader.o
                0x000000000001e08c                write_page_to_flash_ptr
                0x000000000001e08e                force_bootloader_ptr
 *(.vectors)
 *(.progmem.gcc*)
 .progmem.gcc_sw_table._Z15execute_command8commands4Args
                0x000000000001e090       0x10 ./atm128_bootloader/bootloader.o
                0x000000000001e0a0                . = ALIGN (0x2)
                0x000000000001e0a0                __trampolines_start = .
 *(.trampolines)
 .trampolines   0x000000000001e0a0        0x0 linker stubs
 *(.trampolines*)
                0x000000000001e0a0                __trampolines_end = .
 *libprintf_flt.a:*(.progmem.data)
 *libc.a:*(.progmem.data)
 *(.progmem*)
                0x000000000001e0a0                . = ALIGN (0x2)
 *(.jumptables)
 *(.jumptables*)
 *(.lowtext)
 *(.lowtext*)
                0x000000000001e0a0                __ctors_start = .
 *(.ctors)
                0x000000000001e0a0                __ctors_end = .
                0x000000000001e0a0                __dtors_start = .
 *(.dtors)
                0x000000000001e0a0                __dtors_end = .
 SORT(*)(.ctors)
 SORT(*)(.dtors)
 *(.init0)
 .init0         0x000000000001e0a0        0x0 /usr/lib/gcc/avr/5.4.0/../../../avr/lib/avr51/crtatmega128.o
                0x000000000001e0a0                __init
 *(.init0)
 *(.init1)
 *(.init1)
 *(.init2)
 .init2         0x000000000001e0a0        0xc /usr/lib/gcc/avr/5.4.0/../../../avr/lib/avr51/crtatmega128.o
 *(.init2)
 *(.init3)
 *(.init3)
 *(.init4)
 .init4         0x000000000001e0ac       0x1a /usr/lib/gcc/avr/5.4.0/avr51/libgcc.a(_copy_data.o)
                0x000000000001e0ac                __do_copy_data
 .init4         0x000000000001e0c6       0x10 /usr/lib/gcc/avr/5.4.0/avr51/libgcc.a(_clear_bss.o)
                0x000000000001e0c6                __do_clear_bss
 *(.init4)
 *(.init5)
 *(.init5)
 *(.init6)
 *(.init6)
 *(.init7)
 *(.init7)
 *(.init8)
 *(.init8)
 *(.init9)
 .init9         0x000000000001e0d6        0x6 /usr/lib/gcc/avr/5.4.0/../../../avr/lib/avr51/crtatmega128.o
 *(.init9)
 *(.text)
 .text          0x000000000001e0dc        0x2 /usr/lib/gcc/avr/5.4.0/../../../avr/lib/avr51/crtatmega128.o
                0x000000000001e0dc                __vector_22
                0x000000000001e0dc                __vector_28
                0x000000000001e0dc                __vector_1
                0x000000000001e0dc                __vector_32
                0x000000000001e0dc                __vector_34
                0x000000000001e0dc                __vector_24
                0x000000000001e0dc                __vector_12
                0x000000000001e0dc                __bad_interrupt
                0x000000000001e0dc                __vector_6
                0x000000000001e0dc                __vector_31
                0x000000000001e0dc                __vector_3
                0x000000000001e0dc                __vector_23
                0x000000000001e0dc                __vector_30
                0x000000000001e0dc                __vector_25
                0x000000000001e0dc                __vector_11
                0x000000000001e0dc                __vector_13
                0x000000000001e0dc                __vector_17
                0x000000000001e0dc                __vector_19
                0x000000000001e0dc                __vector_7
                0x000000000001e0dc                __vector_27
                0x000000000001e0dc                __vector_5
                0x000000000001e0dc                __vector_33
                0x000000000001e0dc                __vector_4
                0x000000000001e0dc                __vector_9
                0x000000000001e0dc                __vector_2
                0x000000000001e0dc                __vector_21
                0x000000000001e0dc                __vector_15
                0x000000000001e0dc                __vector_29
                0x000000000001e0dc                __vector_8
                0x000000000001e0dc                __vector_26
                0x000000000001e0dc                __vector_14
                0x000000000001e0dc                __vector_10
                0x000000000001e0dc                __vector_16
                0x000000000001e0dc                __vector_18
                0x000000000001e0dc                __vector_20
                0x000000000001e0de                . = ALIGN (0x2)
 *(.text.*)
 .text._ZN6AvrPin6toggleEv
                0x000000000001e0de       0x24 ./atm128_bootloader/bootloader.o
                0x000000000001e0de                _ZN6AvrPin6toggleEv
 .text._ZN6Usart14initEm
                0x000000000001e102       0x88 ./atm128_bootloader/bootloader.o
                0x000000000001e102                _ZN6Usart14initEm
 .text._ZN6Usart13putEc
                0x000000000001e18a       0x2c ./atm128_bootloader/bootloader.o
                0x000000000001e18a                _ZN6Usart13putEc
 .text._ZL3putcP6__file
                0x000000000001e1b6       0x12 ./atm128_bootloader/bootloader.o
 .text._ZN6Usart13getEv
                0x000000000001e1c8       0x1a ./atm128_bootloader/bootloader.o
                0x000000000001e1c8                _ZN6Usart13getEv
 .text._ZN6Usart17get_strEv
                0x000000000001e1e2      0x184 ./atm128_bootloader/bootloader.o
                0x000000000001e1e2                _ZN6Usart17get_strEv
 .text._ZN6Usart15flushEv
                0x000000000001e366       0x1c ./atm128_bootloader/bootloader.o
                0x000000000001e366                _ZN6Usart15flushEv
 .text._ZN6Usart119receive_data_amountEj
                0x000000000001e382       0x46 ./atm128_bootloader/bootloader.o
                0x000000000001e382                _ZN6Usart119receive_data_amountEj
 .text._Z12setup_stdoutv
                0x000000000001e3c8       0x2e ./atm128_bootloader/bootloader.o
                0x000000000001e3c8                _Z12setup_stdoutv
 .text._Z9check_crcPcj
                0x000000000001e3f6       0x56 ./atm128_bootloader/bootloader.o
                0x000000000001e3f6                _Z9check_crcPcj
 .text._Z12run_main_appv
                0x000000000001e44c        0x6 ./atm128_bootloader/bootloader.o
                0x000000000001e44c                _Z12run_main_appv
 .text._Z19write_page_to_flashmPc
                0x000000000001e452       0xba ./atm128_bootloader/bootloader.o
                0x000000000001e452                _Z19write_page_to_flashmPc
 .text._Z19write_page_to_flashmPh
                0x000000000001e50c        0x2 ./atm128_bootloader/bootloader.o
                0x000000000001e50c                _Z19write_page_to_flashmPh
 .text._Z24receive_binary_and_writemm
                0x000000000001e50e      0x160 ./atm128_bootloader/bootloader.o
                0x000000000001e50e                _Z24receive_binary_and_writemm
 .text._Z10erase_pagem
                0x000000000001e66e       0x38 ./atm128_bootloader/bootloader.o
                0x000000000001e66e                _Z10erase_pagem
 .text._Z15execute_command8commands4Args
                0x000000000001e6a6      0x12a ./atm128_bootloader/bootloader.o
                0x000000000001e6a6                _Z15execute_command8commands4Args
 .text._Z21interpret_str_commandPc
                0x000000000001e7d0      0x1f8 ./atm128_bootloader/bootloader.o
                0x000000000001e7d0                _Z21interpret_str_commandPc
 .text._Z10bootloaderv
                0x000000000001e9c8      0x108 ./atm128_bootloader/bootloader.o
                0x000000000001e9c8                _Z10bootloaderv
 .text.startup.main
                0x000000000001ead0        0x8 ./main.o
                0x000000000001ead0                main
 .text.libgcc.div
                0x000000000001ead8       0x44 /usr/lib/gcc/avr/5.4.0/avr51/libgcc.a(_udivmodsi4.o)
                0x000000000001ead8                __udivmodsi4
 .text.libgcc   0x000000000001eb1c       0x12 /usr/lib/gcc/avr/5.4.0/avr51/libgcc.a(_tablejump2.o)
                0x000000000001eb1c                __tablejump2__
 .text.avr-libc
                0x000000000001eb2e       0x4c /usr/lib/gcc/avr/5.4.0/../../../avr/lib/avr51/libc.a(atol.o)
                0x000000000001eb2e                atol
 .text.avr-libc
                0x000000000001eb7a       0x16 /usr/lib/gcc/avr/5.4.0/../../../avr/lib/avr51/libc.a(strchr.o)
                0x000000000001eb7a                strchr
 .text.avr-libc
                0x000000000001eb90       0x12 /usr/lib/gcc/avr/5.4.0/../../../avr/lib/avr51/libc.a(strcmp.o)
                0x000000000001eb90                strcmp
 .text.avr-libc
                0x000000000001eba2       0x2a /usr/lib/gcc/avr/5.4.0/../../../avr/lib/avr51/libc.a(mulsi10.o)
                0x000000000001eba2                __mulsi_const_10
 .text.avr-libc
                0x000000000001ebcc       0x26 /usr/lib/gcc/avr/5.4.0/../../../avr/lib/avr51/libc.a(printf.o)
                0x000000000001ebcc                printf
 .text.avr-libc
                0x000000000001ebf2       0x60 /usr/lib/gcc/avr/5.4.0/../../../avr/lib/avr51/libc.a(puts.o)
                0x000000000001ebf2                puts
 .text.avr-libc
                0x000000000001ec52      0x3fa /usr/lib/gcc/avr/5.4.0/../../../avr/lib/avr51/libc.a(vfprintf_std.o)
                0x000000000001ec52                vfprintf
 .text.avr-libc
                0x000000000001f04c       0x16 /usr/lib/gcc/avr/5.4.0/../../../avr/lib/avr51/libc.a(strnlen_P.o)
                0x000000000001f04c                strnlen_P
 .text.avr-libc
                0x000000000001f062       0x16 /usr/lib/gcc/avr/5.4.0/../../../avr/lib/avr51/libc.a(strnlen.o)
                0x000000000001f062                strnlen
 .text.avr-libc
                0x000000000001f078       0x78 /usr/lib/gcc/avr/5.4.0/../../../avr/lib/avr51/libc.a(fputc.o)
                0x000000000001f078                fputc
 .text.avr-libc
                0x000000000001f0f0       0xbc /usr/lib/gcc/avr/5.4.0/../../../avr/lib/avr51/libc.a(ultoa_invert.o)
                0x000000000001f0f0                __ultoa_invert
 .text.avr-libc
                0x000000000001f1ac       0x10 /usr/lib/gcc/avr/5.4.0/../../../avr/lib/avr51/libatmega128.a(eerd_byte.o)
                0x000000000001f1ac                eeprom_read_byte
                0x000000000001f1bc                . = ALIGN (0x2)
 *(.fini9)
 .fini9         0x000000000001f1bc        0x0 /usr/lib/gcc/avr/5.4.0/avr51/libgcc.a(_exit.o)
                0x000000000001f1bc                exit
                0x000000000001f1bc                _exit
 *(.fini9)
 *(.fini8)
 *(.fini8)
 *(.fini7)
 *(.fini7)
 *(.fini6)
 *(.fini6)
 *(.fini5)
 *(.fini5)
 *(.fini4)
 *(.fini4)
 *(.fini3)
 *(.fini3)
 *(.fini2)
 *(.fini2)
 *(.fini1)
 *(.fini1)
 *(.fini0)
 .fini0         0x000000000001f1bc        0x4 /usr/lib/gcc/avr/5.4.0/avr51/libgcc.a(_exit.o)
 *(.fini0)
                0x000000000001f1c0                _etext = .

.data           0x0000000000800100       0xe0 load address 0x000000000001f1c0
                0x0000000000800100                PROVIDE (__data_start, .)
 *(.data)
 *(.data*)
 *(.rodata)
 .rodata        0x0000000000800100        0x4 ./atm128_bootloader/bootloader.o
 *(.rodata*)
 .rodata.str1.1
                0x0000000000800104       0xdb ./atm128_bootloader/bootloader.o
                                         0xe6 (size before relaxing)
 *(.gnu.linkonce.d*)
                0x00000000008001e0                . = ALIGN (0x2)
 *fill*         0x00000000008001df        0x1 
                0x00000000008001e0                _edata = .
                0x00000000008001e0                PROVIDE (__data_end, .)

.bss            0x00000000008001e0       0x17
                0x00000000008001e0                PROVIDE (__bss_start, .)
 *(.bss)
 *(.bss*)
 .bss._ZL7uartout
                0x00000000008001e0        0xe ./atm128_bootloader/bootloader.o
 .bss.glob_serial_ptr
                0x00000000008001ee        0x2 ./atm128_bootloader/bootloader.o
                0x00000000008001ee                glob_serial_ptr
 .bss._ZN6Usart113terminal_modeE
                0x00000000008001f0        0x1 ./atm128_bootloader/bootloader.o
                0x00000000008001f0                _ZN6Usart113terminal_modeE
 *(COMMON)
 COMMON         0x00000000008001f1        0x6 /usr/lib/gcc/avr/5.4.0/../../../avr/lib/avr51/libc.a(iob.o)
                0x00000000008001f1                __iob
                0x00000000008001f7                PROVIDE (__bss_end, .)
                0x000000000001f1c0                __data_load_start = LOADADDR (.data)
                0x000000000001f2a0                __data_load_end = (__data_load_start + SIZEOF (.data))

.noinit         0x00000000008001f7        0x0
                [!provide]                        PROVIDE (__noinit_start, .)
 *(.noinit*)
                [!provide]                        PROVIDE (__noinit_end, .)
                0x00000000008001f7                _end = .
                [!provide]                        PROVIDE (__heap_start, .)

.eeprom         0x0000000000810000        0x1
 *(.eeprom*)
 .eeprom        0x0000000000810000        0x1 ./atm128_bootloader/bootloader.o
                0x0000000000810000                force_bootloader
                0x0000000000810001                __eeprom_end = .

.fuse
 *(.fuse)
 *(.lfuse)
 *(.hfuse)
 *(.efuse)

.lock
 *(.lock*)

.signature
 *(.signature*)

.user_signatures
 *(.user_signatures*)

.stab
 *(.stab)

.stabstr
 *(.stabstr)

.stab.excl
 *(.stab.excl)

.stab.exclstr
 *(.stab.exclstr)

.stab.index
 *(.stab.index)

.stab.indexstr
 *(.stab.indexstr)

.comment        0x0000000000000000       0x11
 *(.comment)
 .comment       0x0000000000000000       0x11 ./atm128_bootloader/bootloader.o
                                         0x12 (size before relaxing)
 .comment       0x0000000000000011       0x12 ./main.o
 .comment       0x0000000000000011       0x12 /usr/lib/gcc/avr/5.4.0/../../../avr/lib/avr51/libc.a(iob.o)
 .comment       0x0000000000000011       0x12 /usr/lib/gcc/avr/5.4.0/../../../avr/lib/avr51/libc.a(printf.o)
 .comment       0x0000000000000011       0x12 /usr/lib/gcc/avr/5.4.0/../../../avr/lib/avr51/libc.a(puts.o)
 .comment       0x0000000000000011       0x12 /usr/lib/gcc/avr/5.4.0/../../../avr/lib/avr51/libc.a(vfprintf_std.o)
 .comment       0x0000000000000011       0x12 /usr/lib/gcc/avr/5.4.0/../../../avr/lib/avr51/libc.a(fputc.o)

.note.gnu.avr.deviceinfo
                0x0000000000000000       0x3c
 .note.gnu.avr.deviceinfo
                0x0000000000000000       0x3c /usr/lib/gcc/avr/5.4.0/../../../avr/lib/avr51/crtatmega128.o

.note.gnu.build-id
 *(.note.gnu.build-id)

.debug
 *(.debug)

.line
 *(.line)

.debug_srcinfo
 *(.debug_srcinfo)

.debug_sfnames
 *(.debug_sfnames)

.debug_aranges
 *(.debug_aranges)

.debug_pubnames
 *(.debug_pubnames)

.debug_info     0x0000000000000000      0x780
 *(.debug_info .gnu.linkonce.wi.*)
 .debug_info    0x0000000000000000      0x780 /usr/lib/gcc/avr/5.4.0/../../../avr/lib/avr51/crtatmega128.o

.debug_abbrev   0x0000000000000000      0x718
 *(.debug_abbrev)
 .debug_abbrev  0x0000000000000000      0x718 /usr/lib/gcc/avr/5.4.0/../../../avr/lib/avr51/crtatmega128.o

.debug_line     0x0000000000000000       0x1a
 *(.debug_line .debug_line.* .debug_line_end)
 .debug_line    0x0000000000000000       0x1a /usr/lib/gcc/avr/5.4.0/../../../avr/lib/avr51/crtatmega128.o

.debug_frame
 *(.debug_frame)

.debug_str      0x0000000000000000      0x27d
 *(.debug_str)
 .debug_str     0x0000000000000000      0x27d /usr/lib/gcc/avr/5.4.0/../../../avr/lib/avr51/crtatmega128.o

.debug_loc
 *(.debug_loc)

.debug_macinfo
 *(.debug_macinfo)

.debug_weaknames
 *(.debug_weaknames)

.debug_funcnames
 *(.debug_funcnames)

.debug_typenames
 *(.debug_typenames)

.debug_varnames
 *(.debug_varnames)

.debug_pubtypes
 *(.debug_pubtypes)

.debug_ranges
 *(.debug_ranges)

.debug_macro
 *(.debug_macro)
OUTPUT(bootloader2.elf elf32-avr)
LOAD linker stubs

Cross Reference Table

Symbol                                            File
_Z10bootloaderv                                   ./atm128_bootloader/bootloader.o
                                                  ./main.o
_Z10erase_pagem                                   ./atm128_bootloader/bootloader.o
_Z10just_blinkv                                   ./atm128_bootloader/bootloader.o
_Z10led_red_onv                                   ./atm128_bootloader/bootloader.o
_Z12run_main_appv                                 ./atm128_bootloader/bootloader.o
_Z12setup_stdoutv                                 ./atm128_bootloader/bootloader.o
_Z15execute_command8commands4Args                 ./atm128_bootloader/bootloader.o
_Z19write_page_to_flashmPc                        ./atm128_bootloader/bootloader.o
_Z19write_page_to_flashmPh                        ./atm128_bootloader/bootloader.o
_Z21interpret_str_commandPc                       ./atm128_bootloader/bootloader.o
_Z24receive_binary_and_writemm                    ./atm128_bootloader/bootloader.o
_Z7blink_fj                                       ./atm128_bootloader/bootloader.o
_Z9check_crcPcj                                   ./atm128_bootloader/bootloader.o
_ZN6AvrPin6toggleEv                               ./atm128_bootloader/bootloader.o
_ZN6Usart113str_availableEv                       ./atm128_bootloader/bootloader.o
_ZN6Usart113terminal_modeE                        ./atm128_bootloader/bootloader.o
_ZN6Usart119receive_data_amountEj                 ./atm128_bootloader/bootloader.o
_ZN6Usart13getEv                                  ./atm128_bootloader/bootloader.o
_ZN6Usart13putEc                                  ./atm128_bootloader/bootloader.o
_ZN6Usart14getsEv                                 ./atm128_bootloader/bootloader.o
_ZN6Usart14initEm                                 ./atm128_bootloader/bootloader.o
_ZN6Usart15flushEv                                ./atm128_bootloader/bootloader.o
_ZN6Usart17get_strEv                              ./atm128_bootloader/bootloader.o
_ZN6Usart19availableEv                            ./atm128_bootloader/bootloader.o
__FUSE_REGION_LENGTH__                            /usr/lib/gcc/avr/5.4.0/../../../avr/lib/avr51/crtatmega128.o
__bad_interrupt                                   /usr/lib/gcc/avr/5.4.0/../../../avr/lib/avr51/crtatmega128.o
__bss_end                                         /usr/lib/gcc/avr/5.4.0/avr51/libgcc.a(_clear_bss.o)
__bss_start                                       /usr/lib/gcc/avr/5.4.0/avr51/libgcc.a(_clear_bss.o)
__data_end                                        /usr/lib/gcc/avr/5.4.0/avr51/libgcc.a(_copy_data.o)
__data_load_start                                 /usr/lib/gcc/avr/5.4.0/avr51/libgcc.a(_copy_data.o)
__data_start                                      /usr/lib/gcc/avr/5.4.0/avr51/libgcc.a(_copy_data.o)
__do_clear_bss                                    /usr/lib/gcc/avr/5.4.0/avr51/libgcc.a(_clear_bss.o)
                                                  /usr/lib/gcc/avr/5.4.0/../../../avr/lib/avr51/libc.a(iob.o)
                                                  ./atm128_bootloader/bootloader.o
__do_copy_data                                    /usr/lib/gcc/avr/5.4.0/avr51/libgcc.a(_copy_data.o)
                                                  ./atm128_bootloader/bootloader.o
__heap_end                                        /usr/lib/gcc/avr/5.4.0/../../../avr/lib/avr51/crtatmega128.o
__init                                            /usr/lib/gcc/avr/5.4.0/../../../avr/lib/avr51/crtatmega128.o
__iob                                             /usr/lib/gcc/avr/5.4.0/../../../avr/lib/avr51/libc.a(iob.o)
                                                  /usr/lib/gcc/avr/5.4.0/../../../avr/lib/avr51/libc.a(puts.o)
                                                  /usr/lib/gcc/avr/5.4.0/../../../avr/lib/avr51/libc.a(printf.o)
                                                  ./atm128_bootloader/bootloader.o
__mulsi_const_10                                  /usr/lib/gcc/avr/5.4.0/../../../avr/lib/avr51/libc.a(mulsi10.o)
                                                  /usr/lib/gcc/avr/5.4.0/../../../avr/lib/avr51/libc.a(atol.o)
__stack                                           /usr/lib/gcc/avr/5.4.0/../../../avr/lib/avr51/crtatmega128.o
__tablejump2__                                    /usr/lib/gcc/avr/5.4.0/avr51/libgcc.a(_tablejump2.o)
                                                  ./atm128_bootloader/bootloader.o
__udivmodsi4                                      /usr/lib/gcc/avr/5.4.0/avr51/libgcc.a(_udivmodsi4.o)
                                                  ./atm128_bootloader/bootloader.o
__ultoa_invert                                    /usr/lib/gcc/avr/5.4.0/../../../avr/lib/avr51/libc.a(ultoa_invert.o)
                                                  /usr/lib/gcc/avr/5.4.0/../../../avr/lib/avr51/libc.a(vfprintf_std.o)
__vector_1                                        /usr/lib/gcc/avr/5.4.0/../../../avr/lib/avr51/crtatmega128.o
__vector_10                                       /usr/lib/gcc/avr/5.4.0/../../../avr/lib/avr51/crtatmega128.o
__vector_11                                       /usr/lib/gcc/avr/5.4.0/../../../avr/lib/avr51/crtatmega128.o
__vector_12                                       /usr/lib/gcc/avr/5.4.0/../../../avr/lib/avr51/crtatmega128.o
__vector_13                                       /usr/lib/gcc/avr/5.4.0/../../../avr/lib/avr51/crtatmega128.o
__vector_14                                       /usr/lib/gcc/avr/5.4.0/../../../avr/lib/avr51/crtatmega128.o
__vector_15                                       /usr/lib/gcc/avr/5.4.0/../../../avr/lib/avr51/crtatmega128.o
__vector_16                                       /usr/lib/gcc/avr/5.4.0/../../../avr/lib/avr51/crtatmega128.o
__vector_17                                       /usr/lib/gcc/avr/5.4.0/../../../avr/lib/avr51/crtatmega128.o
__vector_18                                       /usr/lib/gcc/avr/5.4.0/../../../avr/lib/avr51/crtatmega128.o
__vector_19                                       /usr/lib/gcc/avr/5.4.0/../../../avr/lib/avr51/crtatmega128.o
__vector_2                                        /usr/lib/gcc/avr/5.4.0/../../../avr/lib/avr51/crtatmega128.o
__vector_20                                       /usr/lib/gcc/avr/5.4.0/../../../avr/lib/avr51/crtatmega128.o
__vector_21                                       /usr/lib/gcc/avr/5.4.0/../../../avr/lib/avr51/crtatmega128.o
__vector_22                                       /usr/lib/gcc/avr/5.4.0/../../../avr/lib/avr51/crtatmega128.o
__vector_23                                       /usr/lib/gcc/avr/5.4.0/../../../avr/lib/avr51/crtatmega128.o
__vector_24                                       /usr/lib/gcc/avr/5.4.0/../../../avr/lib/avr51/crtatmega128.o
__vector_25                                       /usr/lib/gcc/avr/5.4.0/../../../avr/lib/avr51/crtatmega128.o
__vector_26                                       /usr/lib/gcc/avr/5.4.0/../../../avr/lib/avr51/crtatmega128.o
__vector_27                                       /usr/lib/gcc/avr/5.4.0/../../../avr/lib/avr51/crtatmega128.o
__vector_28                                       /usr/lib/gcc/avr/5.4.0/../../../avr/lib/avr51/crtatmega128.o
__vector_29                                       /usr/lib/gcc/avr/5.4.0/../../../avr/lib/avr51/crtatmega128.o
__vector_3                                        /usr/lib/gcc/avr/5.4.0/../../../avr/lib/avr51/crtatmega128.o
__vector_30                                       /usr/lib/gcc/avr/5.4.0/../../../avr/lib/avr51/crtatmega128.o
__vector_31                                       /usr/lib/gcc/avr/5.4.0/../../../avr/lib/avr51/crtatmega128.o
__vector_32                                       /usr/lib/gcc/avr/5.4.0/../../../avr/lib/avr51/crtatmega128.o
__vector_33                                       /usr/lib/gcc/avr/5.4.0/../../../avr/lib/avr51/crtatmega128.o
__vector_34                                       /usr/lib/gcc/avr/5.4.0/../../../avr/lib/avr51/crtatmega128.o
__vector_4                                        /usr/lib/gcc/avr/5.4.0/../../../avr/lib/avr51/crtatmega128.o
__vector_5                                        /usr/lib/gcc/avr/5.4.0/../../../avr/lib/avr51/crtatmega128.o
__vector_6                                        /usr/lib/gcc/avr/5.4.0/../../../avr/lib/avr51/crtatmega128.o
__vector_7                                        /usr/lib/gcc/avr/5.4.0/../../../avr/lib/avr51/crtatmega128.o
__vector_8                                        /usr/lib/gcc/avr/5.4.0/../../../avr/lib/avr51/crtatmega128.o
__vector_9                                        /usr/lib/gcc/avr/5.4.0/../../../avr/lib/avr51/crtatmega128.o
__vector_default                                  /usr/lib/gcc/avr/5.4.0/../../../avr/lib/avr51/crtatmega128.o
__vectors                                         /usr/lib/gcc/avr/5.4.0/../../../avr/lib/avr51/crtatmega128.o
_exit                                             /usr/lib/gcc/avr/5.4.0/avr51/libgcc.a(_exit.o)
atol                                              /usr/lib/gcc/avr/5.4.0/../../../avr/lib/avr51/libc.a(atol.o)
                                                  ./atm128_bootloader/bootloader.o
eeprom_read_byte                                  /usr/lib/gcc/avr/5.4.0/../../../avr/lib/avr51/libatmega128.a(eerd_byte.o)
                                                  ./atm128_bootloader/bootloader.o
exit                                              /usr/lib/gcc/avr/5.4.0/avr51/libgcc.a(_exit.o)
                                                  /usr/lib/gcc/avr/5.4.0/../../../avr/lib/avr51/crtatmega128.o
force_bootloader                                  ./atm128_bootloader/bootloader.o
force_bootloader_ptr                              ./atm128_bootloader/bootloader.o
fputc                                             /usr/lib/gcc/avr/5.4.0/../../../avr/lib/avr51/libc.a(fputc.o)
                                                  /usr/lib/gcc/avr/5.4.0/../../../avr/lib/avr51/libc.a(vfprintf_std.o)
glob_serial_ptr                                   ./atm128_bootloader/bootloader.o
main                                              ./main.o
                                                  /usr/lib/gcc/avr/5.4.0/../../../avr/lib/avr51/crtatmega128.o
printf                                            /usr/lib/gcc/avr/5.4.0/../../../avr/lib/avr51/libc.a(printf.o)
                                                  ./atm128_bootloader/bootloader.o
puts                                              /usr/lib/gcc/avr/5.4.0/../../../avr/lib/avr51/libc.a(puts.o)
                                                  ./atm128_bootloader/bootloader.o
strchr                                            /usr/lib/gcc/avr/5.4.0/../../../avr/lib/avr51/libc.a(strchr.o)
                                                  ./atm128_bootloader/bootloader.o
strcmp                                            /usr/lib/gcc/avr/5.4.0/../../../avr/lib/avr51/libc.a(strcmp.o)
                                                  ./atm128_bootloader/bootloader.o
strnlen                                           /usr/lib/gcc/avr/5.4.0/../../../avr/lib/avr51/libc.a(strnlen.o)
                                                  /usr/lib/gcc/avr/5.4.0/../../../avr/lib/avr51/libc.a(vfprintf_std.o)
strnlen_P                                         /usr/lib/gcc/avr/5.4.0/../../../avr/lib/avr51/libc.a(strnlen_P.o)
                                                  /usr/lib/gcc/avr/5.4.0/../../../avr/lib/avr51/libc.a(vfprintf_std.o)
vfprintf                                          /usr/lib/gcc/avr/5.4.0/../../../avr/lib/avr51/libc.a(vfprintf_std.o)
                                                  /usr/lib/gcc/avr/5.4.0/../../../avr/lib/avr51/libc.a(printf.o)
write_page_to_flash_ptr                           ./atm128_bootloader/bootloader.o
